Archive member included because of file (symbol)

../../liblpc23xx/liblpc23xx.a(lpc23xx-i2c.o)
                              blinkm-test.o (i2c_create_read_address)
../../liblpc23xx/liblpc23xx.a(lpc23xx-pll.o)
                              blinkm-test.o (pllstart_seventytwomhz)
../../liblpc23xx/liblpc23xx.a(lpc23xx-uart.o)
                              blinkm-test.o (uart0_init_115200)
../../liblpc23xx/liblpc23xx.a(lpc23xx-util.o)
                              blinkm-test.o (util_uitoa)
../../liblpc23xx/liblpc23xx.a(lpc23xx-binsem.o)
                              ../../liblpc23xx/liblpc23xx.a(lpc23xx-i2c.o) (init_binsem)
../../libolimex2378.a(olimex2378_util.o)
                              blinkm-test.o (stat_led_flash_slow)
/opt/cross/lib/gcc/arm-elf/4.5.2/libgcc.a(_udivsi3.o)
                              ../../liblpc23xx/liblpc23xx.a(lpc23xx-util.o) (__udivsi3)
/opt/cross/lib/gcc/arm-elf/4.5.2/libgcc.a(_umodsi3.o)
                              blinkm-test.o (__umodsi3)
/opt/cross/lib/gcc/arm-elf/4.5.2/libgcc.a(_dvmd_tls.o)
                              /opt/cross/lib/gcc/arm-elf/4.5.2/libgcc.a(_udivsi3.o) (__div0)

Memory Configuration

Name             Origin             Length             Attributes
flash            0x00000000         0x0007d000
ram              0x40000000         0x00008000
usbram           0x7fd00000         0x00002000
ethram           0x7fe00000         0x00004000
*default*        0x00000000         0xffffffff

Linker script and memory map

                0x40007ffc                __stack_end__ = 0x40007ffc
                0x00000000                . = 0x0

startup         0x00000000       0x44
 *(.startup)
 .startup       0x00000000       0x44 boot.o

prog            0x00000050     0x1d30
 *(.text)
 .text          0x00000050       0xb8 boot.o
                0x00000050                start
                0x000000ec                endless_loop
 .text          0x00000108      0x334 blinkm-test.o
                0x00000108                xact_callback
                0x0000017c                blinkm_task
                0x000003cc                main
 .text          0x0000043c       0x10 hwsys.o
                0x0000043c                IRQ_Routine
                0x00000440                FIQ_Routine
                0x00000444                SWI_Routine
                0x00000448                UNDEF_Routine
 .text          0x0000044c      0x970 ../../liblpc23xx/liblpc23xx.a(lpc23xx-i2c.o)
                0x0000044c                i2c1_isr
                0x00000450                i2c2_isr
                0x00000454                i2c0_isr
                0x00000954                i2c_create_read_address
                0x00000964                i2c_create_write_address
                0x00000970                i2c_init_state
                0x000009b4                i2c_init
                0x00000cdc                start_i2c0_master_xact
 .text          0x00000dbc      0x374 ../../liblpc23xx/liblpc23xx.a(lpc23xx-pll.o)
                0x00000dbc                pllquery_cclk_mhz
                0x00000dcc                pllfeed
                0x00000df8                pllstop
                0x00000e60                pllstart_seventytwomhz
                0x00000f54                pllstart_sixtymhz
                0x00001044                pllstart_fourtyeightmhz
 .text          0x00001130      0x38c ../../liblpc23xx/liblpc23xx.a(lpc23xx-uart.o)
                0x00001130                uart0_query_baud
                0x00001140                uart0_query_charlength
                0x00001150                uart0_query_stopbits
                0x00001160                uart0_init_9600
                0x00001278                uart0_init_115200
                0x000013a0                uart0_putchar
                0x00001400                uart0_putstring
                0x00001430                uart0_getchar
                0x0000145c                uart0_getstring
 .text          0x000014bc      0x1d0 ../../liblpc23xx/liblpc23xx.a(lpc23xx-util.o)
                0x000014bc                microsecondsToCPUTicks
                0x000014e0                millisecondsToCPUTicks
                0x00001504                util_itoa
                0x000015e4                util_uitoa
                0x00001688                util_waitticks
 *fill*         0x0000168c        0x4 00
 .text          0x00001690      0x120 ../../liblpc23xx/liblpc23xx.a(lpc23xx-binsem.o)
                0x00001690                init_binsem
                0x000016ac                is_binsem_locked
                0x000016f0                get_binsem
                0x00001760                release_binsem
 .text          0x000017b0      0x1bc ../../libolimex2378.a(olimex2378_util.o)
                0x000017b0                init_stat_led
                0x000017dc                stat_led_flash_slow
                0x000018a4                stat_led_flash
 .text          0x0000196c      0x118 /opt/cross/lib/gcc/arm-elf/4.5.2/libgcc.a(_udivsi3.o)
                0x0000196c                __udivsi3
                0x0000196c                __aeabi_uidiv
                0x00001a64                __aeabi_uidivmod
 .text          0x00001a84       0xcc /opt/cross/lib/gcc/arm-elf/4.5.2/libgcc.a(_umodsi3.o)
                0x00001a84                __umodsi3
 .text          0x00001b50        0x4 /opt/cross/lib/gcc/arm-elf/4.5.2/libgcc.a(_dvmd_tls.o)
                0x00001b50                __div0
 *(.rodata)
 *(.rodata*)
 .rodata.str1.1
                0x00001b54      0x124 blinkm-test.o
                                0x126 (size before relaxing)
 .rodata.str1.4
                0x00001c78       0xf4 ../../liblpc23xx/liblpc23xx.a(lpc23xx-i2c.o)
                                 0xf8 (size before relaxing)
 .rodata.str1.4
                0x00001d6c       0x14 ../../liblpc23xx/liblpc23xx.a(lpc23xx-util.o)
 *(.glue_7)
 .glue_7        0x00000000        0x0 linker stubs
 *(.glue_7t)
 .glue_7t       0x00000000        0x0 linker stubs
                0x00001d80                __end_of_text__ = .

.vfp11_veneer   0x00001d80        0x0
 .vfp11_veneer  0x00000000        0x0 linker stubs

.v4_bx          0x00001d80        0x0
 .v4_bx         0x00000000        0x0 linker stubs

.data           0x40000000        0x0 load address 0x00001d80
                0x40000000                __data_beg__ = .
                0x00001d80                __data_beg_src__ = __end_of_text__
 *(.data)
 .data          0x40000000        0x0 boot.o
 .data          0x40000000        0x0 blinkm-test.o
 .data          0x40000000        0x0 hwsys.o
 .data          0x40000000        0x0 ../../liblpc23xx/liblpc23xx.a(lpc23xx-i2c.o)
 .data          0x40000000        0x0 ../../liblpc23xx/liblpc23xx.a(lpc23xx-pll.o)
 .data          0x40000000        0x0 ../../liblpc23xx/liblpc23xx.a(lpc23xx-uart.o)
 .data          0x40000000        0x0 ../../liblpc23xx/liblpc23xx.a(lpc23xx-util.o)
 .data          0x40000000        0x0 ../../liblpc23xx/liblpc23xx.a(lpc23xx-binsem.o)
 .data          0x40000000        0x0 ../../libolimex2378.a(olimex2378_util.o)
 .data          0x40000000        0x0 /opt/cross/lib/gcc/arm-elf/4.5.2/libgcc.a(_udivsi3.o)
 .data          0x40000000        0x0 /opt/cross/lib/gcc/arm-elf/4.5.2/libgcc.a(_umodsi3.o)
 .data          0x40000000        0x0 /opt/cross/lib/gcc/arm-elf/4.5.2/libgcc.a(_dvmd_tls.o)
                0x40000000                __data_end__ = .

.bss            0x40000000      0x32c load address 0x00001d80
                0x40000000                __bss_beg__ = .
 *(.bss)
 .bss           0x40000000        0x0 boot.o
 .bss           0x40000000       0x8c blinkm-test.o
                0x40000000                xact_s
 .bss           0x4000008c        0x0 hwsys.o
 .bss           0x4000008c      0x1d0 ../../liblpc23xx/liblpc23xx.a(lpc23xx-i2c.o)
                0x4000008c                i2c_wrindex_g
                0x40000090                i2c_rdindex_g
                0x40000094                i2c0_s_g
                0x40000120                _i2c0_FnCallback_g
                0x40000124                i2c0_s_caller_g
                0x40000128                i2c0_binsem_g
                0x4000012c                i2c1_binsem_g
                0x40000130                i2c1_s_g
                0x400001bc                i2c2_binsem_g
                0x400001c0                i2c2_s_g
                0x4000024c                _i2c1_FnCallback_g
                0x40000250                _i2c2_FnCallback_g
                0x40000254                i2c1_s_caller_g
                0x40000258                i2c2_s_caller_g
 .bss           0x4000025c        0x4 ../../liblpc23xx/liblpc23xx.a(lpc23xx-pll.o)
                0x4000025c                pllstat
 .bss           0x40000260       0x84 ../../liblpc23xx/liblpc23xx.a(lpc23xx-uart.o)
                0x40000260                uart0stat
 .bss           0x400002e4       0x48 ../../liblpc23xx/liblpc23xx.a(lpc23xx-util.o)
 .bss           0x4000032c        0x0 ../../liblpc23xx/liblpc23xx.a(lpc23xx-binsem.o)
 .bss           0x4000032c        0x0 ../../libolimex2378.a(olimex2378_util.o)
 .bss           0x4000032c        0x0 /opt/cross/lib/gcc/arm-elf/4.5.2/libgcc.a(_udivsi3.o)
 .bss           0x4000032c        0x0 /opt/cross/lib/gcc/arm-elf/4.5.2/libgcc.a(_umodsi3.o)
 .bss           0x4000032c        0x0 /opt/cross/lib/gcc/arm-elf/4.5.2/libgcc.a(_dvmd_tls.o)
                0x4000032c                . = ALIGN (0x4)
                0x4000032c                _bss_end__ = .
                0x4000032c                __bss_end__ = .
                0x4000032c                __end__ = .

.usbram         0x7fd00000        0x0
                0x7fd00000                __usbram_beg__ = .
 *(.dmaram)
                0x7fd00000                __usbram_end__ = .

.ethram         0x7fe00000        0x0
                0x7fe00000                __ethram_beg__ = .
 *(.ethram)
                0x7fe00000                __ethram_end__ = .
                0x7fe00000                . = ALIGN (0x4)
                0x7fe00000                _end = .
                0x7fe00000                PROVIDE (end, .)
LOAD boot.o
LOAD blinkm-test.o
LOAD hwsys.o
LOAD ../../liblpc23xx/liblpc23xx.a
LOAD ../../libolimex2378.a
LOAD /opt/cross/arm-elf/lib/libc.a
LOAD /opt/cross/lib/gcc/arm-elf/4.5.2/libgcc.a
OUTPUT(blinkm-test.out elf32-littlearm)

.ARM.attributes
                0x00000000       0x10
 .ARM.attributes
                0x00000000       0x10 boot.o
 .ARM.attributes
                0x00000010       0x10 blinkm-test.o
 .ARM.attributes
                0x00000020       0x10 hwsys.o
 .ARM.attributes
                0x00000030       0x10 ../../liblpc23xx/liblpc23xx.a(lpc23xx-i2c.o)
 .ARM.attributes
                0x00000040       0x10 ../../liblpc23xx/liblpc23xx.a(lpc23xx-pll.o)
 .ARM.attributes
                0x00000050       0x10 ../../liblpc23xx/liblpc23xx.a(lpc23xx-uart.o)
 .ARM.attributes
                0x00000060       0x10 ../../liblpc23xx/liblpc23xx.a(lpc23xx-util.o)
 .ARM.attributes
                0x00000070       0x10 ../../liblpc23xx/liblpc23xx.a(lpc23xx-binsem.o)
 .ARM.attributes
                0x00000080       0x10 ../../libolimex2378.a(olimex2378_util.o)
 .ARM.attributes
                0x00000090       0x10 /opt/cross/lib/gcc/arm-elf/4.5.2/libgcc.a(_udivsi3.o)
 .ARM.attributes
                0x000000a0       0x10 /opt/cross/lib/gcc/arm-elf/4.5.2/libgcc.a(_umodsi3.o)
 .ARM.attributes
                0x000000b0       0x10 /opt/cross/lib/gcc/arm-elf/4.5.2/libgcc.a(_dvmd_tls.o)

.comment        0x00000000       0x11
 .comment       0x00000000       0x11 blinkm-test.o
                                 0x12 (size before relaxing)
 .comment       0x00000000       0x12 hwsys.o
 .comment       0x00000000       0x12 ../../liblpc23xx/liblpc23xx.a(lpc23xx-i2c.o)
 .comment       0x00000000       0x12 ../../liblpc23xx/liblpc23xx.a(lpc23xx-pll.o)
 .comment       0x00000000       0x12 ../../liblpc23xx/liblpc23xx.a(lpc23xx-uart.o)
 .comment       0x00000000       0x12 ../../liblpc23xx/liblpc23xx.a(lpc23xx-util.o)
 .comment       0x00000000       0x12 ../../libolimex2378.a(olimex2378_util.o)

.debug_line     0x00000000      0xc1e
 .debug_line    0x00000000       0x78 boot.o
 .debug_line    0x00000078      0x1a4 blinkm-test.o
 .debug_line    0x0000021c       0x3a hwsys.o
 .debug_line    0x00000256      0x258 ../../liblpc23xx/liblpc23xx.a(lpc23xx-i2c.o)
 .debug_line    0x000004ae      0x1b9 ../../liblpc23xx/liblpc23xx.a(lpc23xx-pll.o)
 .debug_line    0x00000667      0x186 ../../liblpc23xx/liblpc23xx.a(lpc23xx-uart.o)
 .debug_line    0x000007ed      0x109 ../../liblpc23xx/liblpc23xx.a(lpc23xx-util.o)
 .debug_line    0x000008f6       0x9a ../../liblpc23xx/liblpc23xx.a(lpc23xx-binsem.o)
 .debug_line    0x00000990      0x10d ../../libolimex2378.a(olimex2378_util.o)
 .debug_line    0x00000a9d       0x98 /opt/cross/lib/gcc/arm-elf/4.5.2/libgcc.a(_udivsi3.o)
 .debug_line    0x00000b35       0x7f /opt/cross/lib/gcc/arm-elf/4.5.2/libgcc.a(_umodsi3.o)
 .debug_line    0x00000bb4       0x6a /opt/cross/lib/gcc/arm-elf/4.5.2/libgcc.a(_dvmd_tls.o)

.debug_info     0x00000000     0x14f5
 .debug_info    0x00000000       0x72 boot.o
 .debug_info    0x00000072      0x2a6 blinkm-test.o
 .debug_info    0x00000318       0x76 hwsys.o
 .debug_info    0x0000038e      0x571 ../../liblpc23xx/liblpc23xx.a(lpc23xx-i2c.o)
 .debug_info    0x000008ff      0x32f ../../liblpc23xx/liblpc23xx.a(lpc23xx-pll.o)
 .debug_info    0x00000c2e      0x2f5 ../../liblpc23xx/liblpc23xx.a(lpc23xx-uart.o)
 .debug_info    0x00000f23      0x202 ../../liblpc23xx/liblpc23xx.a(lpc23xx-util.o)
 .debug_info    0x00001125       0x7f ../../liblpc23xx/liblpc23xx.a(lpc23xx-binsem.o)
 .debug_info    0x000011a4      0x16e ../../libolimex2378.a(olimex2378_util.o)
 .debug_info    0x00001312       0xa1 /opt/cross/lib/gcc/arm-elf/4.5.2/libgcc.a(_udivsi3.o)
 .debug_info    0x000013b3       0xa1 /opt/cross/lib/gcc/arm-elf/4.5.2/libgcc.a(_umodsi3.o)
 .debug_info    0x00001454       0xa1 /opt/cross/lib/gcc/arm-elf/4.5.2/libgcc.a(_dvmd_tls.o)

.debug_abbrev   0x00000000      0x866
 .debug_abbrev  0x00000000       0x12 boot.o
 .debug_abbrev  0x00000012      0x162 blinkm-test.o
 .debug_abbrev  0x00000174       0x29 hwsys.o
 .debug_abbrev  0x0000019d      0x1f1 ../../liblpc23xx/liblpc23xx.a(lpc23xx-i2c.o)
 .debug_abbrev  0x0000038e      0x174 ../../liblpc23xx/liblpc23xx.a(lpc23xx-pll.o)
 .debug_abbrev  0x00000502      0x16b ../../liblpc23xx/liblpc23xx.a(lpc23xx-uart.o)
 .debug_abbrev  0x0000066d       0xee ../../liblpc23xx/liblpc23xx.a(lpc23xx-util.o)
 .debug_abbrev  0x0000075b       0x14 ../../liblpc23xx/liblpc23xx.a(lpc23xx-binsem.o)
 .debug_abbrev  0x0000076f       0xbb ../../libolimex2378.a(olimex2378_util.o)
 .debug_abbrev  0x0000082a       0x14 /opt/cross/lib/gcc/arm-elf/4.5.2/libgcc.a(_udivsi3.o)
 .debug_abbrev  0x0000083e       0x14 /opt/cross/lib/gcc/arm-elf/4.5.2/libgcc.a(_umodsi3.o)
 .debug_abbrev  0x00000852       0x14 /opt/cross/lib/gcc/arm-elf/4.5.2/libgcc.a(_dvmd_tls.o)

.debug_aranges  0x00000000      0x188
 .debug_aranges
                0x00000000       0x28 boot.o
 .debug_aranges
                0x00000028       0x20 blinkm-test.o
 .debug_aranges
                0x00000048       0x20 hwsys.o
 .debug_aranges
                0x00000068       0x20 ../../liblpc23xx/liblpc23xx.a(lpc23xx-i2c.o)
 .debug_aranges
                0x00000088       0x20 ../../liblpc23xx/liblpc23xx.a(lpc23xx-pll.o)
 .debug_aranges
                0x000000a8       0x20 ../../liblpc23xx/liblpc23xx.a(lpc23xx-uart.o)
 .debug_aranges
                0x000000c8       0x20 ../../liblpc23xx/liblpc23xx.a(lpc23xx-util.o)
 .debug_aranges
                0x000000e8       0x20 ../../liblpc23xx/liblpc23xx.a(lpc23xx-binsem.o)
 .debug_aranges
                0x00000108       0x20 ../../libolimex2378.a(olimex2378_util.o)
 .debug_aranges
                0x00000128       0x20 /opt/cross/lib/gcc/arm-elf/4.5.2/libgcc.a(_udivsi3.o)
 .debug_aranges
                0x00000148       0x20 /opt/cross/lib/gcc/arm-elf/4.5.2/libgcc.a(_umodsi3.o)
 .debug_aranges
                0x00000168       0x20 /opt/cross/lib/gcc/arm-elf/4.5.2/libgcc.a(_dvmd_tls.o)

.debug_ranges   0x00000000      0x1f8
 .debug_ranges  0x00000000       0x20 boot.o
 .debug_ranges  0x00000020       0xc0 ../../liblpc23xx/liblpc23xx.a(lpc23xx-i2c.o)
 .debug_ranges  0x000000e0      0x100 ../../liblpc23xx/liblpc23xx.a(lpc23xx-pll.o)
 .debug_ranges  0x000001e0       0x18 ../../liblpc23xx/liblpc23xx.a(lpc23xx-uart.o)

.debug_loc      0x00000000      0x90b
 .debug_loc     0x00000000       0xfe blinkm-test.o
 .debug_loc     0x000000fe      0x2a3 ../../liblpc23xx/liblpc23xx.a(lpc23xx-i2c.o)
 .debug_loc     0x000003a1      0x16e ../../liblpc23xx/liblpc23xx.a(lpc23xx-pll.o)
 .debug_loc     0x0000050f       0xc5 ../../liblpc23xx/liblpc23xx.a(lpc23xx-uart.o)
 .debug_loc     0x000005d4      0x1cd ../../liblpc23xx/liblpc23xx.a(lpc23xx-util.o)
 .debug_loc     0x000007a1      0x16a ../../libolimex2378.a(olimex2378_util.o)

.debug_pubnames
                0x00000000      0x48a
 .debug_pubnames
                0x00000000       0x48 blinkm-test.o
 .debug_pubnames
                0x00000048       0x54 hwsys.o
 .debug_pubnames
                0x0000009c      0x1af ../../liblpc23xx/liblpc23xx.a(lpc23xx-i2c.o)
 .debug_pubnames
                0x0000024b       0x99 ../../liblpc23xx/liblpc23xx.a(lpc23xx-pll.o)
 .debug_pubnames
                0x000002e4       0xdf ../../liblpc23xx/liblpc23xx.a(lpc23xx-uart.o)
 .debug_pubnames
                0x000003c3       0x78 ../../liblpc23xx/liblpc23xx.a(lpc23xx-util.o)
 .debug_pubnames
                0x0000043b       0x4f ../../libolimex2378.a(olimex2378_util.o)

.debug_pubtypes
                0x00000000      0x225
 .debug_pubtypes
                0x00000000       0x7c blinkm-test.o
 .debug_pubtypes
                0x0000007c       0x92 ../../liblpc23xx/liblpc23xx.a(lpc23xx-i2c.o)
 .debug_pubtypes
                0x0000010e       0x44 ../../liblpc23xx/liblpc23xx.a(lpc23xx-pll.o)
 .debug_pubtypes
                0x00000152       0x73 ../../liblpc23xx/liblpc23xx.a(lpc23xx-uart.o)
 .debug_pubtypes
                0x000001c5       0x2b ../../liblpc23xx/liblpc23xx.a(lpc23xx-util.o)
 .debug_pubtypes
                0x000001f0       0x35 ../../libolimex2378.a(olimex2378_util.o)

.debug_str      0x00000000      0x79e
 .debug_str     0x00000000      0x207 blinkm-test.o
                                0x249 (size before relaxing)
 .debug_str     0x00000207       0x3a hwsys.o
                                 0x8f (size before relaxing)
 .debug_str     0x00000241      0x1d1 ../../liblpc23xx/liblpc23xx.a(lpc23xx-i2c.o)
                                0x37b (size before relaxing)
 .debug_str     0x00000412       0xde ../../liblpc23xx/liblpc23xx.a(lpc23xx-pll.o)
                                0x1c0 (size before relaxing)
 .debug_str     0x000004f0      0x18c ../../liblpc23xx/liblpc23xx.a(lpc23xx-uart.o)
                                0x2c4 (size before relaxing)
 .debug_str     0x0000067c       0x98 ../../liblpc23xx/liblpc23xx.a(lpc23xx-util.o)
                                0x17d (size before relaxing)
 .debug_str     0x00000714       0x8a ../../libolimex2378.a(olimex2378_util.o)
                                0x172 (size before relaxing)

.debug_frame    0x00000000      0x3f0
 .debug_frame   0x00000000       0x64 blinkm-test.o
 .debug_frame   0x00000064       0x50 hwsys.o
 .debug_frame   0x000000b4       0xbc ../../liblpc23xx/liblpc23xx.a(lpc23xx-i2c.o)
 .debug_frame   0x00000170       0x8c ../../liblpc23xx/liblpc23xx.a(lpc23xx-pll.o)
 .debug_frame   0x000001fc       0xc0 ../../liblpc23xx/liblpc23xx.a(lpc23xx-uart.o)
 .debug_frame   0x000002bc       0x94 ../../liblpc23xx/liblpc23xx.a(lpc23xx-util.o)
 .debug_frame   0x00000350       0x50 ../../libolimex2378.a(olimex2378_util.o)
 .debug_frame   0x000003a0       0x28 /opt/cross/lib/gcc/arm-elf/4.5.2/libgcc.a(_udivsi3.o)
 .debug_frame   0x000003c8       0x28 /opt/cross/lib/gcc/arm-elf/4.5.2/libgcc.a(_umodsi3.o)
